// Vitest Snapshot v1

exports[`codegen > codegen 1`] = `"return function render(_ctx, _cache) {return  \\"hi\\"}"`;
